c:\users\31415\desktop\cs184\youchengtan.github.io\youtubeopengl 9 - lighting\youtubeopengl\x64\debug\vc143.pdb
c:\users\31415\desktop\cs184\youchengtan.github.io\youtubeopengl 9 - lighting\youtubeopengl\x64\debug\vc143.idb
c:\users\31415\desktop\cs184\youchengtan.github.io\youtubeopengl 9 - lighting\youtubeopengl\x64\debug\vbo.obj
c:\users\31415\desktop\cs184\youchengtan.github.io\youtubeopengl 9 - lighting\youtubeopengl\x64\debug\main.obj
c:\users\31415\desktop\cs184\youchengtan.github.io\youtubeopengl 9 - lighting\youtubeopengl\x64\debug\jelly.obj
c:\users\31415\desktop\cs184\youchengtan.github.io\youtubeopengl 9 - lighting\x64\debug\youtubeopengl.exe
c:\users\31415\desktop\cs184\youchengtan.github.io\youtubeopengl 9 - lighting\x64\debug\youtubeopengl.pdb
c:\users\31415\desktop\cs184\youchengtan.github.io\youtubeopengl 9 - lighting\youtubeopengl\x64\debug\youtubeopengl.res
c:\users\31415\desktop\cs184\youchengtan.github.io\youtubeopengl 9 - lighting\youtubeopengl\x64\debug\youtubeopengl.ilk
c:\users\31415\desktop\cs184\youchengtan.github.io\youtubeopengl 9 - lighting\youtubeopengl\x64\debug\camera.obj
c:\users\31415\desktop\cs184\youchengtan.github.io\youtubeopengl 9 - lighting\youtubeopengl\x64\debug\ebo.obj
c:\users\31415\desktop\cs184\youchengtan.github.io\youtubeopengl 9 - lighting\youtubeopengl\x64\debug\glad.obj
c:\users\31415\desktop\cs184\youchengtan.github.io\youtubeopengl 9 - lighting\youtubeopengl\x64\debug\shaderclass.obj
c:\users\31415\desktop\cs184\youchengtan.github.io\youtubeopengl 9 - lighting\youtubeopengl\x64\debug\stb.obj
c:\users\31415\desktop\cs184\youchengtan.github.io\youtubeopengl 9 - lighting\youtubeopengl\x64\debug\texture.obj
c:\users\31415\desktop\cs184\youchengtan.github.io\youtubeopengl 9 - lighting\youtubeopengl\x64\debug\vao.obj
c:\users\31415\desktop\cs184\youchengtan.github.io\youtubeopengl 9 - lighting\youtubeopengl\x64\debug\youtubeopengl.tlog\cl.command.1.tlog
c:\users\31415\desktop\cs184\youchengtan.github.io\youtubeopengl 9 - lighting\youtubeopengl\x64\debug\youtubeopengl.tlog\cl.items.tlog
c:\users\31415\desktop\cs184\youchengtan.github.io\youtubeopengl 9 - lighting\youtubeopengl\x64\debug\youtubeopengl.tlog\cl.read.1.tlog
c:\users\31415\desktop\cs184\youchengtan.github.io\youtubeopengl 9 - lighting\youtubeopengl\x64\debug\youtubeopengl.tlog\cl.write.1.tlog
c:\users\31415\desktop\cs184\youchengtan.github.io\youtubeopengl 9 - lighting\youtubeopengl\x64\debug\youtubeopengl.tlog\link.command.1.tlog
c:\users\31415\desktop\cs184\youchengtan.github.io\youtubeopengl 9 - lighting\youtubeopengl\x64\debug\youtubeopengl.tlog\link.read.1.tlog
c:\users\31415\desktop\cs184\youchengtan.github.io\youtubeopengl 9 - lighting\youtubeopengl\x64\debug\youtubeopengl.tlog\link.secondary.1.tlog
c:\users\31415\desktop\cs184\youchengtan.github.io\youtubeopengl 9 - lighting\youtubeopengl\x64\debug\youtubeopengl.tlog\link.write.1.tlog
c:\users\31415\desktop\cs184\youchengtan.github.io\youtubeopengl 9 - lighting\youtubeopengl\x64\debug\youtubeopengl.tlog\rc.command.1.tlog
c:\users\31415\desktop\cs184\youchengtan.github.io\youtubeopengl 9 - lighting\youtubeopengl\x64\debug\youtubeopengl.tlog\rc.read.1.tlog
c:\users\31415\desktop\cs184\youchengtan.github.io\youtubeopengl 9 - lighting\youtubeopengl\x64\debug\youtubeopengl.tlog\rc.write.1.tlog
